{
  "property2": "value2",
  "property1": "value1",
  "deep_property": {
    "array1": [
      "arr1",
      "arr2",
      "arr3",
      "arr4"
    ]
  },
  "url": "https://example.com"
}