key1:
  key2:
    value1: value1
    array:
    - name: one
      version: 1
    - name: two
      version: 2
    value2: value2

