<?xml version="1.0" encoding="UTF-8" standalone="no"?>
<project>
    <dependencies>
        <dependency>
            <groupId>tttttt</groupId>
        </dependency>
    </dependencies>
</project>